run_assembly_tests.gd
run_body_move_click_tests.gd
run_camera_tests.gd
run_catalog_tool_tests.gd
run_chamfer_sketch_layout_tests.gd
run_clearance_tests.gd
run_construction_tests.gd
run_convert_entities_tests.gd
run_critic_walk_tests.gd
run_dead_chrome_tests.gd
run_display_tests.gd
run_drag_tests.gd
run_film_manifest_smoke.gd
run_help_tests.gd
run_hole_wizard_tests.gd
run_howto_tests.gd
run_icon_tests.gd
run_infer_tests.gd
run_insert_component_tests.gd
run_layout_tests.gd
run_mate_tests.gd
run_measure_overlay_tests.gd
run_mechanic_blocker_tests.gd
run_menu_tests.gd
run_mirror_feature_tests.gd
run_move_snap_tests.gd
run_open_in_slicer_tests.gd
run_parse_sweep_tests.gd
run_place_tests.gd
run_pliers_motion_tests.gd
run_print_tests.gd
run_property_tests.gd
run_rung01_chrome_tests.gd
run_rung01_fillet_tests.gd
run_rung01_jaw_label_hit.gd
run_rung01_n12_extrude.gd
run_rung01_replan10_cut.gd
run_rung01_replan10_esc.gd
run_rung01_replan10_new.gd
run_rung01_replan10_trim.gd
run_rung01_replan11_chrome.gd
run_rung01_replan11_dim.gd
run_rung01_replan11_dimhit.gd
run_rung01_replan11_esc.gd
run_rung01_replan11_fillet_err.gd
run_rung01_replan11_fillet_ui.gd
run_rung01_replan11_poly.gd
run_rung01_replan11_slot.gd
run_rung01_replan11_trim.gd
run_rung01_replan11_ux.gd
run_rung01_replan11_views.gd
run_rung01_replan12_chiprow.gd
run_rung01_replan12_dialog.gd
run_rung01_replan12_fillet.gd
run_rung01_replan12_jaw.gd
run_rung01_replan12_labels.gd
run_rung01_replan12_panel.gd
run_rung01_replan12_pick.gd
run_rung01_replan12_rail.gd
run_rung01_replan12_slotarm.gd
run_rung01_replan12_status.gd
run_rung01_replan13_arm.gd
run_rung01_replan13_chrome.gd
run_rung01_replan13_dirty.gd
run_rung01_replan13_frame.gd
run_rung01_replan13_measure.gd
run_rung01_replan13_radius.gd
run_rung01_replan13_trim.gd
run_rung01_replan13_typed.gd
run_rung01_replan13_uts_status.gd
run_rung01_replan14_camera.gd
run_rung01_replan14_ctxbar.gd
run_rung01_replan14_focuskeys.gd
run_rung01_replan14_polish.gd
run_rung01_replan14_railstatus.gd
run_rung01_replan14_savelabels.gd
run_rung01_replan14_trim.gd
run_rung01_replan14_undo.gd
run_rung01_replan15_armedkeys.gd
run_rung01_replan15_chain.gd
run_rung01_replan15_contours.gd
run_rung01_replan15_export.gd
run_rung01_replan15_extrude.gd
run_rung01_replan15_jawstub.gd
run_rung01_replan15_shaftbadges.gd
run_rung01_replan15_strings.gd
run_rung01_replan15_thick.gd
run_rung01_replan2_camera.gd
run_rung01_replan2_commit.gd
run_rung01_replan2_distance.gd
run_rung01_replan2_layout.gd
run_rung01_replan2_pointer.gd
run_rung01_replan2_shell.gd
run_rung01_replan3_blank.gd
run_rung01_replan3_distance.gd
run_rung01_replan3_fillet.gd
run_rung01_replan3_input.gd
run_rung01_replan3_shell.gd
run_rung01_replan3_timeline.gd
run_rung01_replan4_dialog.gd
run_rung01_replan4_numeric.gd
run_rung01_replan4_smartdim.gd
run_rung01_replan5_face.gd
run_rung01_replan5_session.gd
run_rung01_replan5_shell.gd
run_rung01_replan5_smartdim.gd
run_rung01_replan5_trim.gd
run_rung01_replan6_chrome.gd
run_rung01_replan6_cut.gd
run_rung01_replan6_export.gd
run_rung01_replan6_smartdim.gd
run_rung01_replan7_anchor.gd
run_rung01_replan7_facepick.gd
run_rung01_replan8_cut.gd
run_rung01_replan8_esc.gd
run_rung01_replan8_rail.gd
run_rung01_replan8_shaft.gd
run_rung01_replan9_chip.gd
run_rung01_replan9_dim.gd
run_rung01_replan9_dirty.gd
run_rung01_replan_finishbar.gd
run_rung01_replan_input.gd
run_rung01_replan_panel.gd
run_rung01_replan_shell.gd
run_rung01_replan_sketch.gd
run_rung01_sketch_tests.gd
run_rung01_sx036_esc.gd
run_rung01_sx036_fields.gd
run_rung01_sx036_rail.gd
run_rung01_wrench.gd
run_see_the_print_tests.gd
run_select_tests.gd
run_sketch_expr_dim_tests.gd
run_sketch_fully_defined_tests.gd
run_sketch_parity_tests.gd
run_sketch_tests.gd
run_sketch_to_3d_ui_tests.gd
run_sketch_tools_tests.gd
run_sweep_loft_solid_tests.gd
run_tests.gd
run_timeline_ux_tests.gd
run_triball_hex_polish_tests.gd
run_ui_button_coverage_tests.gd
run_ui_tests.gd
run_viewcube_tests.gd
run_visibility_tests.gd
run_visual_ux_tests.gd
run_voice_tests.gd
run_workflow_tests.gd
run_wrench_blockers_tests.gd
run_wrench_chrome_tests.gd
run_wrench_cut_tests.gd
run_wrench_placement_tests.gd
run_wrench_through_tests.gd
